Analyzing Trading-Signal-App...                                 

  error - Invalid constant value - lib\app\features\chats_list\views\chats_list_view.dart:136:20 - invalid_constant
  error - Invalid constant value - lib\app\features\chats_list\views\chats_list_view.dart:166:41 - invalid_constant
  error - Invalid constant value - lib\app\features\explore\views\explore_view.dart:127:20 - invalid_constant
  error - Invalid constant value - lib\app\features\explore\views\explore_view.dart:379:30 - invalid_constant
  error - Methods can't be invoked in constant expressions - lib\app\features\group_detail\views\group_detail_view.dart:31:21 - const_eval_method_invocation
  error - Invalid constant value - lib\app\features\group_detail\views\group_detail_view.dart:103:32 - invalid_constant
  error - Invalid constant value - lib\app\features\group_detail\views\group_detail_view.dart:206:36 - invalid_constant
  error - Invalid constant value - lib\app\features\group_detail\views\group_detail_view.dart:303:28 - invalid_constant
  error - Invalid constant value - lib\app\features\group_detail\views\group_detail_view.dart:414:51 - invalid_constant
  error - Invalid constant value - lib\app\features\home\views\home_view.dart:584:32 - invalid_constant
  error - Invalid constant value - lib\app\features\payment\views\payment_view.dart:183:30 - invalid_constant
warning - Unnecessary cast - lib\app\features\subscription_payment\views\subscription_payment_view.dart:182:58 - unnecessary_cast
warning - Unnecessary cast - lib\app\features\subscription_payment\views\subscription_payment_view.dart:209:31 - unnecessary_cast
warning - Unnecessary cast - lib\app\features\subscription_payment\views\subscription_payment_view.dart:215:29 - unnecessary_cast
warning - Unnecessary cast - lib\app\features\subscription_payment\views\subscription_payment_view.dart:222:29 - unnecessary_cast
warning - Unnecessary cast - lib\app\features\trader_account\views\trader_account_view.dart:438:31 - unnecessary_cast
warning - Unnecessary cast - lib\app\features\trader_account\views\trader_account_view.dart:442:31 - unnecessary_cast
warning - Unnecessary cast - lib\app\features\trader_account\views\trader_account_view.dart:472:29 - unnecessary_cast
warning - Unnecessary cast - lib\app\features\trader_profile\views\trader_profile_view.dart:355:35 - unnecessary_cast
warning - Unnecessary cast - lib\app\features\trader_profile\views\trader_profile_view.dart:369:35 - unnecessary_cast
  error - Invalid constant value - lib\app\features\user_profile\views\user_profile_view.dart:132:34 - invalid_constant
   info - Unnecessary 'const' keyword - lib\app\features\user_profile\views\user_profile_view.dart:192:27 - unnecessary_const
   info - Unnecessary 'const' keyword - lib\app\features\user_profile\views\user_profile_view.dart:299:19 - unnecessary_const

